// Jest Snapshot v1, https://goo.gl/fbAQLP

exports[`PaginationButton 100etc 1`] = `
<div
  className="paginationBlock"
>
  <button
    className="selectPagination"
    onClick={[Function]}
  >
    1
  </button>
  <button
    onClick={[Function]}
  >
    2
  </button>
  <button
    onClick={[Function]}
  >
    3
  </button>
  <span>
    ...
  </span>
  <button
    onClick={[Function]}
  >
    5
  </button>
</div>
`;

exports[`PaginationButton 400etc 1`] = `
<div
  className="paginationBlock"
>
  <button
    onClick={[Function]}
  >
    1
  </button>
  <span>
    ...
  </span>
  <button
    onClick={[Function]}
  >
    10
  </button>
  <button
    onClick={[Function]}
  >
    18
  </button>
  <button
    onClick={[Function]}
  >
    19
  </button>
  <button
    className="selectPagination"
    onClick={[Function]}
  >
    20
  </button>
</div>
`;

exports[`PaginationButton 500etc 1`] = `
<div
  className="paginationBlock"
>
  <button
    onClick={[Function]}
  >
    1
  </button>
  <span>
    ...
  </span>
  <button
    onClick={[Function]}
  >
    8
  </button>
  <button
    onClick={[Function]}
  >
    9
  </button>
  <button
    className="selectPagination"
    onClick={[Function]}
  >
    10
  </button>
  <button
    onClick={[Function]}
  >
    11
  </button>
  <button
    onClick={[Function]}
  >
    12
  </button>
  <button
    onClick={[Function]}
  >
    20
  </button>
  <span>
    ...
  </span>
  <button
    onClick={[Function]}
  >
    25
  </button>
</div>
`;

exports[`PaginationButton empty 1`] = `
<div
  className="paginationBlock"
/>
`;
